mode: set
iris-api/internal/presentation/middleware/auth_middleware.go:26.65,30.2 1 1
iris-api/internal/presentation/middleware/auth_middleware.go:32.56,33.30 1 1
iris-api/internal/presentation/middleware/auth_middleware.go:33.30,35.23 2 1
iris-api/internal/presentation/middleware/auth_middleware.go:35.23,41.4 3 1
iris-api/internal/presentation/middleware/auth_middleware.go:44.3,45.46 2 1
iris-api/internal/presentation/middleware/auth_middleware.go:45.46,51.4 3 1
iris-api/internal/presentation/middleware/auth_middleware.go:53.3,57.17 3 1
iris-api/internal/presentation/middleware/auth_middleware.go:57.17,63.4 3 1
iris-api/internal/presentation/middleware/auth_middleware.go:66.3,69.11 3 1
iris-api/internal/presentation/middleware/auth_middleware.go:73.82,74.30 1 1
iris-api/internal/presentation/middleware/auth_middleware.go:74.30,76.14 2 1
iris-api/internal/presentation/middleware/auth_middleware.go:76.14,82.4 3 1
iris-api/internal/presentation/middleware/auth_middleware.go:84.3,88.30 3 1
iris-api/internal/presentation/middleware/auth_middleware.go:88.30,89.27 1 1
iris-api/internal/presentation/middleware/auth_middleware.go:89.27,91.10 2 1
iris-api/internal/presentation/middleware/auth_middleware.go:95.3,95.15 1 1
iris-api/internal/presentation/middleware/auth_middleware.go:95.15,101.4 3 1
iris-api/internal/presentation/middleware/auth_middleware.go:103.3,103.11 1 1
iris-api/internal/presentation/middleware/auth_middleware.go:108.66,110.13 2 1
iris-api/internal/presentation/middleware/auth_middleware.go:110.13,112.3 1 1
iris-api/internal/presentation/middleware/auth_middleware.go:113.2,114.19 2 1
iris-api/internal/presentation/middleware/auth_middleware.go:118.48,120.13 2 1
iris-api/internal/presentation/middleware/auth_middleware.go:120.13,122.3 1 1
iris-api/internal/presentation/middleware/auth_middleware.go:123.2,124.15 2 1
iris-api/internal/presentation/handlers/auth_handler.go:25.59,29.2 1 1
iris-api/internal/presentation/handlers/auth_handler.go:31.48,33.47 2 1
iris-api/internal/presentation/handlers/auth_handler.go:33.47,39.3 2 1
iris-api/internal/presentation/handlers/auth_handler.go:41.2,42.16 2 1
iris-api/internal/presentation/handlers/auth_handler.go:42.16,48.3 2 1
iris-api/internal/presentation/handlers/auth_handler.go:51.2,56.4 2 1
iris-api/internal/presentation/handlers/auth_handler.go:59.45,61.47 2 1
iris-api/internal/presentation/handlers/auth_handler.go:61.47,67.3 2 1
iris-api/internal/presentation/handlers/auth_handler.go:69.2,70.16 2 1
iris-api/internal/presentation/handlers/auth_handler.go:70.16,76.3 2 1
iris-api/internal/presentation/handlers/auth_handler.go:78.2,81.4 1 1
iris-api/internal/presentation/handlers/auth_handler.go:84.50,86.13 2 1
iris-api/internal/presentation/handlers/auth_handler.go:86.13,91.3 2 1
iris-api/internal/presentation/handlers/auth_handler.go:93.2,94.16 2 1
iris-api/internal/presentation/handlers/auth_handler.go:94.16,100.3 2 1
iris-api/internal/presentation/handlers/auth_handler.go:102.2,105.4 1 1
iris-api/internal/presentation/handlers/receta_handler.go:17.76,21.2 1 1
iris-api/internal/presentation/handlers/receta_handler.go:23.54,25.47 2 1
iris-api/internal/presentation/handlers/receta_handler.go:25.47,31.3 2 1
iris-api/internal/presentation/handlers/receta_handler.go:33.2,34.16 2 1
iris-api/internal/presentation/handlers/receta_handler.go:34.16,40.3 2 1
iris-api/internal/presentation/handlers/receta_handler.go:42.2,45.4 1 1
iris-api/internal/presentation/handlers/receta_handler.go:48.55,51.16 3 1
iris-api/internal/presentation/handlers/receta_handler.go:51.16,57.3 2 1
iris-api/internal/presentation/handlers/receta_handler.go:59.2,60.16 2 1
iris-api/internal/presentation/handlers/receta_handler.go:60.16,66.3 2 1
iris-api/internal/presentation/handlers/receta_handler.go:68.2,71.4 1 1
iris-api/internal/presentation/handlers/receta_handler.go:74.52,79.30 4 1
iris-api/internal/presentation/handlers/receta_handler.go:79.30,81.3 1 0
iris-api/internal/presentation/handlers/receta_handler.go:83.2,84.30 2 1
iris-api/internal/presentation/handlers/receta_handler.go:84.30,86.3 1 0
iris-api/internal/presentation/handlers/receta_handler.go:88.2,89.16 2 1
iris-api/internal/presentation/handlers/receta_handler.go:89.16,95.3 2 1
iris-api/internal/presentation/handlers/receta_handler.go:97.2,100.4 1 1
iris-api/internal/presentation/handlers/receta_handler.go:103.64,106.16 3 0
iris-api/internal/presentation/handlers/receta_handler.go:106.16,112.3 2 0
iris-api/internal/presentation/handlers/receta_handler.go:114.2,118.30 4 0
iris-api/internal/presentation/handlers/receta_handler.go:118.30,120.3 1 0
iris-api/internal/presentation/handlers/receta_handler.go:122.2,123.30 2 0
iris-api/internal/presentation/handlers/receta_handler.go:123.30,125.3 1 0
iris-api/internal/presentation/handlers/receta_handler.go:127.2,128.16 2 0
iris-api/internal/presentation/handlers/receta_handler.go:128.16,134.3 2 0
iris-api/internal/presentation/handlers/receta_handler.go:136.2,139.4 1 0
iris-api/internal/presentation/handlers/receta_handler.go:142.66,145.16 3 0
iris-api/internal/presentation/handlers/receta_handler.go:145.16,151.3 2 0
iris-api/internal/presentation/handlers/receta_handler.go:153.2,154.16 2 0
iris-api/internal/presentation/handlers/receta_handler.go:154.16,160.3 2 0
iris-api/internal/presentation/handlers/receta_handler.go:162.2,165.4 1 0
iris-api/internal/presentation/handlers/receta_handler.go:168.62,171.16 3 1
iris-api/internal/presentation/handlers/receta_handler.go:171.16,177.3 2 1
iris-api/internal/presentation/handlers/receta_handler.go:179.2,180.16 2 1
iris-api/internal/presentation/handlers/receta_handler.go:180.16,186.3 2 0
iris-api/internal/presentation/handlers/receta_handler.go:188.2,191.4 1 1
iris-api/internal/presentation/handlers/receta_handler.go:194.54,197.16 3 0
iris-api/internal/presentation/handlers/receta_handler.go:197.16,203.3 2 0
iris-api/internal/presentation/handlers/receta_handler.go:205.2,206.47 2 0
iris-api/internal/presentation/handlers/receta_handler.go:206.47,212.3 2 0
iris-api/internal/presentation/handlers/receta_handler.go:214.2,215.16 2 0
iris-api/internal/presentation/handlers/receta_handler.go:215.16,221.3 2 0
iris-api/internal/presentation/handlers/receta_handler.go:223.2,226.4 1 0
iris-api/internal/presentation/handlers/receta_handler.go:229.54,232.16 3 1
iris-api/internal/presentation/handlers/receta_handler.go:232.16,238.3 2 1
iris-api/internal/presentation/handlers/receta_handler.go:240.2,241.16 2 1
iris-api/internal/presentation/handlers/receta_handler.go:241.16,247.3 2 1
iris-api/internal/presentation/handlers/receta_handler.go:249.2,249.32 1 1
iris-api/internal/presentation/handlers/reporteria_handler.go:23.83,27.2 1 1
iris-api/internal/presentation/handlers/reporteria_handler.go:29.65,32.13 2 1
iris-api/internal/presentation/handlers/reporteria_handler.go:32.13,37.3 2 1
iris-api/internal/presentation/handlers/reporteria_handler.go:39.2,40.16 2 1
iris-api/internal/presentation/handlers/reporteria_handler.go:40.16,46.3 2 1
iris-api/internal/presentation/handlers/reporteria_handler.go:48.2,51.4 1 1
iris-api/internal/presentation/handlers/reporteria_handler.go:54.67,57.13 2 1
iris-api/internal/presentation/handlers/reporteria_handler.go:57.13,62.3 2 1
iris-api/internal/presentation/handlers/reporteria_handler.go:64.2,65.16 2 1
iris-api/internal/presentation/handlers/reporteria_handler.go:65.16,71.3 2 1
iris-api/internal/presentation/handlers/reporteria_handler.go:73.2,76.4 1 1
iris-api/internal/presentation/handlers/turno_handler.go:32.63,36.2 1 1
iris-api/internal/presentation/handlers/turno_handler.go:38.52,40.47 2 1
iris-api/internal/presentation/handlers/turno_handler.go:40.47,46.3 2 1
iris-api/internal/presentation/handlers/turno_handler.go:48.2,49.16 2 1
iris-api/internal/presentation/handlers/turno_handler.go:49.16,55.3 2 1
iris-api/internal/presentation/handlers/turno_handler.go:57.2,60.4 1 1
iris-api/internal/presentation/handlers/turno_handler.go:63.53,66.16 3 1
iris-api/internal/presentation/handlers/turno_handler.go:66.16,72.3 2 1
iris-api/internal/presentation/handlers/turno_handler.go:74.2,75.16 2 1
iris-api/internal/presentation/handlers/turno_handler.go:75.16,81.3 2 1
iris-api/internal/presentation/handlers/turno_handler.go:83.2,86.4 1 1
iris-api/internal/presentation/handlers/turno_handler.go:89.50,95.44 2 1
iris-api/internal/presentation/handlers/turno_handler.go:95.44,96.61 1 1
iris-api/internal/presentation/handlers/turno_handler.go:96.61,98.4 1 1
iris-api/internal/presentation/handlers/turno_handler.go:101.2,101.47 1 1
iris-api/internal/presentation/handlers/turno_handler.go:101.47,102.63 1 1
iris-api/internal/presentation/handlers/turno_handler.go:102.63,104.4 1 1
iris-api/internal/presentation/handlers/turno_handler.go:107.2,107.60 1 1
iris-api/internal/presentation/handlers/turno_handler.go:107.60,108.67 1 0
iris-api/internal/presentation/handlers/turno_handler.go:108.67,110.4 1 0
iris-api/internal/presentation/handlers/turno_handler.go:113.2,113.72 1 1
iris-api/internal/presentation/handlers/turno_handler.go:113.72,114.71 1 0
iris-api/internal/presentation/handlers/turno_handler.go:114.71,116.4 1 0
iris-api/internal/presentation/handlers/turno_handler.go:119.2,119.66 1 1
iris-api/internal/presentation/handlers/turno_handler.go:119.66,122.3 2 0
iris-api/internal/presentation/handlers/turno_handler.go:124.2,124.47 1 1
iris-api/internal/presentation/handlers/turno_handler.go:124.47,127.3 2 0
iris-api/internal/presentation/handlers/turno_handler.go:129.2,129.60 1 1
iris-api/internal/presentation/handlers/turno_handler.go:129.60,130.67 1 0
iris-api/internal/presentation/handlers/turno_handler.go:130.67,132.4 1 0
iris-api/internal/presentation/handlers/turno_handler.go:135.2,135.60 1 1
iris-api/internal/presentation/handlers/turno_handler.go:135.60,136.67 1 0
iris-api/internal/presentation/handlers/turno_handler.go:136.67,138.4 1 0
iris-api/internal/presentation/handlers/turno_handler.go:141.2,142.16 2 1
iris-api/internal/presentation/handlers/turno_handler.go:142.16,148.3 2 1
iris-api/internal/presentation/handlers/turno_handler.go:150.2,153.4 1 1
iris-api/internal/presentation/handlers/turno_handler.go:156.52,159.16 3 0
iris-api/internal/presentation/handlers/turno_handler.go:159.16,165.3 2 0
iris-api/internal/presentation/handlers/turno_handler.go:167.2,168.47 2 0
iris-api/internal/presentation/handlers/turno_handler.go:168.47,174.3 2 0
iris-api/internal/presentation/handlers/turno_handler.go:176.2,177.16 2 0
iris-api/internal/presentation/handlers/turno_handler.go:177.16,183.3 2 0
iris-api/internal/presentation/handlers/turno_handler.go:185.2,188.4 1 0
iris-api/internal/presentation/handlers/turno_handler.go:191.52,194.16 3 1
iris-api/internal/presentation/handlers/turno_handler.go:194.16,200.3 2 1
iris-api/internal/presentation/handlers/turno_handler.go:202.2,206.47 2 1
iris-api/internal/presentation/handlers/turno_handler.go:206.47,212.3 2 1
iris-api/internal/presentation/handlers/turno_handler.go:214.2,215.16 2 1
iris-api/internal/presentation/handlers/turno_handler.go:215.16,221.3 2 0
iris-api/internal/presentation/handlers/turno_handler.go:223.2,225.4 1 1
iris-api/internal/presentation/handlers/turno_handler.go:228.52,231.16 3 1
iris-api/internal/presentation/handlers/turno_handler.go:231.16,237.3 2 1
iris-api/internal/presentation/handlers/turno_handler.go:239.2,240.16 2 1
iris-api/internal/presentation/handlers/turno_handler.go:240.16,246.3 2 1
iris-api/internal/presentation/handlers/turno_handler.go:248.2,248.32 1 1
iris-api/internal/presentation/handlers/turno_handler.go:252.55,254.22 2 0
iris-api/internal/presentation/handlers/turno_handler.go:254.22,260.3 2 0
iris-api/internal/presentation/handlers/turno_handler.go:262.2,263.16 2 0
iris-api/internal/presentation/handlers/turno_handler.go:263.16,269.3 2 0
iris-api/internal/presentation/handlers/turno_handler.go:271.2,272.78 2 0
iris-api/internal/presentation/handlers/turno_handler.go:272.78,273.74 1 0
iris-api/internal/presentation/handlers/turno_handler.go:273.74,275.4 1 0
iris-api/internal/presentation/handlers/turno_handler.go:278.2,279.16 2 0
iris-api/internal/presentation/handlers/turno_handler.go:279.16,285.3 2 0
iris-api/internal/presentation/handlers/turno_handler.go:287.2,290.4 1 0
iris-api/internal/presentation/handlers/turno_handler.go:294.58,296.22 2 0
iris-api/internal/presentation/handlers/turno_handler.go:296.22,302.3 2 0
iris-api/internal/presentation/handlers/turno_handler.go:304.2,305.16 2 0
iris-api/internal/presentation/handlers/turno_handler.go:305.16,311.3 2 0
iris-api/internal/presentation/handlers/turno_handler.go:313.2,314.78 2 0
iris-api/internal/presentation/handlers/turno_handler.go:314.78,315.74 1 0
iris-api/internal/presentation/handlers/turno_handler.go:315.74,317.4 1 0
iris-api/internal/presentation/handlers/turno_handler.go:320.2,321.16 2 0
iris-api/internal/presentation/handlers/turno_handler.go:321.16,327.3 2 0
iris-api/internal/presentation/handlers/turno_handler.go:329.2,332.4 1 0
iris-api/internal/presentation/handlers/turno_handler.go:336.63,339.16 3 0
iris-api/internal/presentation/handlers/turno_handler.go:339.16,345.3 2 0
iris-api/internal/presentation/handlers/turno_handler.go:347.2,350.52 3 0
iris-api/internal/presentation/handlers/turno_handler.go:350.52,356.3 2 0
iris-api/internal/presentation/handlers/turno_handler.go:358.2,359.16 2 0
iris-api/internal/presentation/handlers/turno_handler.go:359.16,365.3 2 0
iris-api/internal/presentation/handlers/turno_handler.go:367.2,368.16 2 0
iris-api/internal/presentation/handlers/turno_handler.go:368.16,374.3 2 0
iris-api/internal/presentation/handlers/turno_handler.go:376.2,377.16 2 0
iris-api/internal/presentation/handlers/turno_handler.go:377.16,383.3 2 0
iris-api/internal/presentation/handlers/turno_handler.go:385.2,388.4 1 0
iris-api/internal/presentation/handlers/turno_handler.go:392.63,394.16 2 1
iris-api/internal/presentation/handlers/turno_handler.go:394.16,400.3 2 1
iris-api/internal/presentation/handlers/turno_handler.go:402.2,405.4 1 1
iris-api/internal/presentation/handlers/user_handler.go:17.68,21.2 1 1
iris-api/internal/presentation/handlers/user_handler.go:23.50,25.47 2 1
iris-api/internal/presentation/handlers/user_handler.go:25.47,31.3 2 1
iris-api/internal/presentation/handlers/user_handler.go:33.2,34.16 2 1
iris-api/internal/presentation/handlers/user_handler.go:34.16,40.3 2 1
iris-api/internal/presentation/handlers/user_handler.go:42.2,45.4 1 1
iris-api/internal/presentation/handlers/user_handler.go:48.51,51.16 3 1
iris-api/internal/presentation/handlers/user_handler.go:51.16,57.3 2 1
iris-api/internal/presentation/handlers/user_handler.go:59.2,60.16 2 1
iris-api/internal/presentation/handlers/user_handler.go:60.16,66.3 2 1
iris-api/internal/presentation/handlers/user_handler.go:68.2,71.4 1 1
iris-api/internal/presentation/handlers/user_handler.go:74.48,79.30 4 1
iris-api/internal/presentation/handlers/user_handler.go:79.30,81.3 1 0
iris-api/internal/presentation/handlers/user_handler.go:83.2,84.30 2 1
iris-api/internal/presentation/handlers/user_handler.go:84.30,86.3 1 0
iris-api/internal/presentation/handlers/user_handler.go:88.2,89.16 2 1
iris-api/internal/presentation/handlers/user_handler.go:89.16,95.3 2 1
iris-api/internal/presentation/handlers/user_handler.go:97.2,100.4 1 1
iris-api/internal/presentation/handlers/user_handler.go:103.50,106.16 3 1
iris-api/internal/presentation/handlers/user_handler.go:106.16,112.3 2 1
iris-api/internal/presentation/handlers/user_handler.go:114.2,115.47 2 1
iris-api/internal/presentation/handlers/user_handler.go:115.47,121.3 2 1
iris-api/internal/presentation/handlers/user_handler.go:123.2,124.16 2 1
iris-api/internal/presentation/handlers/user_handler.go:124.16,130.3 2 0
iris-api/internal/presentation/handlers/user_handler.go:132.2,135.4 1 1
iris-api/internal/presentation/handlers/user_handler.go:138.50,141.16 3 1
iris-api/internal/presentation/handlers/user_handler.go:141.16,147.3 2 1
iris-api/internal/presentation/handlers/user_handler.go:149.2,150.16 2 1
iris-api/internal/presentation/handlers/user_handler.go:150.16,156.3 2 1
iris-api/internal/presentation/handlers/user_handler.go:158.2,158.32 1 1
iris-api/internal/application/usecases/auth_usecase.go:21.67,25.2 1 1
iris-api/internal/application/usecases/auth_usecase.go:27.113,29.2 1 1
iris-api/internal/application/usecases/auth_usecase.go:31.112,33.2 1 1
iris-api/internal/application/usecases/auth_usecase.go:35.89,37.2 1 1
iris-api/internal/application/usecases/auth_usecase.go:39.99,41.2 1 1
iris-api/internal/application/usecases/receta_usecase.go:33.75,37.2 1 1
iris-api/internal/application/usecases/receta_usecase.go:39.121,41.2 1 1
iris-api/internal/application/usecases/receta_usecase.go:43.97,45.2 1 1
iris-api/internal/application/usecases/receta_usecase.go:47.106,49.16 2 1
iris-api/internal/application/usecases/receta_usecase.go:49.16,51.3 1 1
iris-api/internal/application/usecases/receta_usecase.go:53.2,61.8 2 1
iris-api/internal/application/usecases/receta_usecase.go:64.136,66.16 2 0
iris-api/internal/application/usecases/receta_usecase.go:66.16,68.3 1 0
iris-api/internal/application/usecases/receta_usecase.go:70.2,78.8 2 0
iris-api/internal/application/usecases/receta_usecase.go:81.118,83.2 1 0
iris-api/internal/application/usecases/receta_usecase.go:85.121,87.2 1 1
iris-api/internal/application/usecases/receta_usecase.go:89.131,91.2 1 0
iris-api/internal/application/usecases/receta_usecase.go:93.76,95.2 1 1
iris-api/internal/application/usecases/reporteria_usecase.go:19.91,23.2 1 1
iris-api/internal/application/usecases/reporteria_usecase.go:25.130,27.2 1 1
iris-api/internal/application/usecases/reporteria_usecase.go:29.134,31.2 1 1
iris-api/internal/application/usecases/turno_usecase.go:28.71,32.2 1 1
iris-api/internal/application/usecases/turno_usecase.go:34.117,36.2 1 1
iris-api/internal/application/usecases/turno_usecase.go:38.105,40.2 1 1
iris-api/internal/application/usecases/turno_usecase.go:42.118,44.16 2 1
iris-api/internal/application/usecases/turno_usecase.go:44.16,46.3 1 1
iris-api/internal/application/usecases/turno_usecase.go:48.2,49.16 2 1
iris-api/internal/application/usecases/turno_usecase.go:49.16,51.3 1 0
iris-api/internal/application/usecases/turno_usecase.go:53.2,58.8 1 1
iris-api/internal/application/usecases/turno_usecase.go:61.127,63.2 1 0
iris-api/internal/application/usecases/turno_usecase.go:65.89,67.2 1 1
iris-api/internal/application/usecases/turno_usecase.go:69.74,71.2 1 0
iris-api/internal/application/usecases/turno_usecase.go:73.139,75.2 1 0
iris-api/internal/application/usecases/turno_usecase.go:77.148,79.2 1 0
iris-api/internal/application/usecases/turno_usecase.go:81.163,83.2 1 0
iris-api/internal/application/usecases/turno_usecase.go:85.108,87.2 1 0
iris-api/internal/application/usecases/user_usecase.go:30.67,34.2 1 1
iris-api/internal/application/usecases/user_usecase.go:36.113,38.2 1 1
iris-api/internal/application/usecases/user_usecase.go:40.89,42.2 1 1
iris-api/internal/application/usecases/user_usecase.go:44.100,46.16 2 1
iris-api/internal/application/usecases/user_usecase.go:46.16,48.3 1 1
iris-api/internal/application/usecases/user_usecase.go:50.2,58.8 2 1
iris-api/internal/application/usecases/user_usecase.go:61.121,63.2 1 1
iris-api/internal/application/usecases/user_usecase.go:65.70,67.2 1 1
iris-api/internal/domain/services/auth_service.go:26.141,32.2 1 1
iris-api/internal/domain/services/auth_service.go:34.112,48.16 3 1
iris-api/internal/domain/services/auth_service.go:48.16,50.3 1 1
iris-api/internal/domain/services/auth_service.go:53.2,54.16 2 1
iris-api/internal/domain/services/auth_service.go:54.16,56.3 1 0
iris-api/internal/domain/services/auth_service.go:59.2,70.39 2 1
iris-api/internal/domain/services/auth_service.go:73.111,76.16 2 1
iris-api/internal/domain/services/auth_service.go:76.16,78.3 1 1
iris-api/internal/domain/services/auth_service.go:81.2,81.54 1 1
iris-api/internal/domain/services/auth_service.go:81.54,83.3 1 1
iris-api/internal/domain/services/auth_service.go:86.2,87.16 2 1
iris-api/internal/domain/services/auth_service.go:87.16,89.3 1 0
iris-api/internal/domain/services/auth_service.go:92.2,101.8 3 1
iris-api/internal/domain/services/auth_service.go:104.88,106.16 2 1
iris-api/internal/domain/services/auth_service.go:106.16,108.3 1 1
iris-api/internal/domain/services/auth_service.go:110.2,115.8 1 1
iris-api/internal/domain/services/auth_service.go:118.98,120.16 2 1
iris-api/internal/domain/services/auth_service.go:120.16,122.3 1 1
iris-api/internal/domain/services/auth_service.go:125.2,126.18 2 1
iris-api/internal/domain/services/receta_service.go:27.79,31.2 1 1
iris-api/internal/domain/services/receta_service.go:33.120,34.59 1 1
iris-api/internal/domain/services/receta_service.go:34.59,36.3 1 1
iris-api/internal/domain/services/receta_service.go:38.2,51.41 2 1
iris-api/internal/domain/services/receta_service.go:54.96,55.13 1 1
iris-api/internal/domain/services/receta_service.go:55.13,57.3 1 1
iris-api/internal/domain/services/receta_service.go:59.2,59.38 1 1
iris-api/internal/domain/services/receta_service.go:62.109,63.16 1 1
iris-api/internal/domain/services/receta_service.go:63.16,65.3 1 1
iris-api/internal/domain/services/receta_service.go:66.2,66.17 1 1
iris-api/internal/domain/services/receta_service.go:66.17,68.3 1 1
iris-api/internal/domain/services/receta_service.go:69.2,69.16 1 1
iris-api/internal/domain/services/receta_service.go:69.16,71.3 1 0
iris-api/internal/domain/services/receta_service.go:73.2,74.16 2 1
iris-api/internal/domain/services/receta_service.go:74.16,76.3 1 1
iris-api/internal/domain/services/receta_service.go:78.2,79.16 2 1
iris-api/internal/domain/services/receta_service.go:79.16,81.3 1 0
iris-api/internal/domain/services/receta_service.go:83.2,83.28 1 1
iris-api/internal/domain/services/receta_service.go:86.139,87.21 1 0
iris-api/internal/domain/services/receta_service.go:87.21,89.3 1 0
iris-api/internal/domain/services/receta_service.go:91.2,91.16 1 0
iris-api/internal/domain/services/receta_service.go:91.16,93.3 1 0
iris-api/internal/domain/services/receta_service.go:94.2,94.17 1 0
iris-api/internal/domain/services/receta_service.go:94.17,96.3 1 0
iris-api/internal/domain/services/receta_service.go:97.2,97.16 1 0
iris-api/internal/domain/services/receta_service.go:97.16,99.3 1 0
iris-api/internal/domain/services/receta_service.go:101.2,102.16 2 0
iris-api/internal/domain/services/receta_service.go:102.16,104.3 1 0
iris-api/internal/domain/services/receta_service.go:106.2,107.16 2 0
iris-api/internal/domain/services/receta_service.go:107.16,109.3 1 0
iris-api/internal/domain/services/receta_service.go:111.2,111.28 1 0
iris-api/internal/domain/services/receta_service.go:114.117,115.21 1 0
iris-api/internal/domain/services/receta_service.go:115.21,117.3 1 0
iris-api/internal/domain/services/receta_service.go:119.2,119.63 1 0
iris-api/internal/domain/services/receta_service.go:122.120,123.21 1 1
iris-api/internal/domain/services/receta_service.go:123.21,125.3 1 1
iris-api/internal/domain/services/receta_service.go:127.2,128.16 2 1
iris-api/internal/domain/services/receta_service.go:128.16,130.3 1 0
iris-api/internal/domain/services/receta_service.go:132.2,132.22 1 1
iris-api/internal/domain/services/receta_service.go:132.22,139.3 1 1
iris-api/internal/domain/services/receta_service.go:142.2,151.14 7 1
iris-api/internal/domain/services/receta_service.go:151.14,153.3 1 1
iris-api/internal/domain/services/receta_service.go:155.2,160.8 1 1
iris-api/internal/domain/services/receta_service.go:163.130,164.13 1 0
iris-api/internal/domain/services/receta_service.go:164.13,166.3 1 0
iris-api/internal/domain/services/receta_service.go:168.2,168.59 1 0
iris-api/internal/domain/services/receta_service.go:168.59,170.3 1 0
iris-api/internal/domain/services/receta_service.go:172.2,173.16 2 0
iris-api/internal/domain/services/receta_service.go:173.16,175.3 1 0
iris-api/internal/domain/services/receta_service.go:177.2,177.22 1 0
iris-api/internal/domain/services/receta_service.go:177.22,179.3 1 0
iris-api/internal/domain/services/receta_service.go:180.2,180.25 1 0
iris-api/internal/domain/services/receta_service.go:180.25,182.3 1 0
iris-api/internal/domain/services/receta_service.go:183.2,183.27 1 0
iris-api/internal/domain/services/receta_service.go:183.27,185.3 1 0
iris-api/internal/domain/services/receta_service.go:186.2,186.22 1 0
iris-api/internal/domain/services/receta_service.go:186.22,188.3 1 0
iris-api/internal/domain/services/receta_service.go:189.2,189.25 1 0
iris-api/internal/domain/services/receta_service.go:189.25,191.3 1 0
iris-api/internal/domain/services/receta_service.go:192.2,192.27 1 0
iris-api/internal/domain/services/receta_service.go:192.27,194.3 1 0
iris-api/internal/domain/services/receta_service.go:195.2,195.22 1 0
iris-api/internal/domain/services/receta_service.go:195.22,197.3 1 0
iris-api/internal/domain/services/receta_service.go:198.2,198.26 1 0
iris-api/internal/domain/services/receta_service.go:198.26,200.3 1 0
iris-api/internal/domain/services/receta_service.go:201.2,201.30 1 0
iris-api/internal/domain/services/receta_service.go:201.30,203.3 1 0
iris-api/internal/domain/services/receta_service.go:205.2,205.53 1 0
iris-api/internal/domain/services/receta_service.go:208.75,209.13 1 1
iris-api/internal/domain/services/receta_service.go:209.13,211.3 1 1
iris-api/internal/domain/services/receta_service.go:213.2,213.37 1 1
iris-api/internal/domain/services/receta_service.go:216.94,217.25 1 1
iris-api/internal/domain/services/receta_service.go:217.25,219.3 1 1
iris-api/internal/domain/services/receta_service.go:220.2,220.24 1 1
iris-api/internal/domain/services/receta_service.go:220.24,222.3 1 0
iris-api/internal/domain/services/receta_service.go:223.2,223.45 1 1
iris-api/internal/domain/services/receta_service.go:223.45,225.3 1 1
iris-api/internal/domain/services/receta_service.go:226.2,226.45 1 1
iris-api/internal/domain/services/receta_service.go:226.45,228.3 1 0
iris-api/internal/domain/services/receta_service.go:229.2,229.25 1 1
iris-api/internal/domain/services/receta_service.go:229.25,231.3 1 0
iris-api/internal/domain/services/receta_service.go:232.2,238.32 2 1
iris-api/internal/domain/services/receta_service.go:238.32,240.3 1 1
iris-api/internal/domain/services/receta_service.go:241.2,241.12 1 1
iris-api/internal/domain/services/receta_service.go:244.94,245.72 1 0
iris-api/internal/domain/services/receta_service.go:245.72,247.3 1 0
iris-api/internal/domain/services/receta_service.go:248.2,248.72 1 0
iris-api/internal/domain/services/receta_service.go:248.72,250.3 1 0
iris-api/internal/domain/services/receta_service.go:251.2,251.26 1 0
iris-api/internal/domain/services/receta_service.go:251.26,258.34 2 0
iris-api/internal/domain/services/receta_service.go:258.34,260.4 1 0
iris-api/internal/domain/services/receta_service.go:262.2,262.12 1 0
iris-api/internal/domain/services/reporteria_service.go:19.95,23.2 1 1
iris-api/internal/domain/services/reporteria_service.go:25.129,27.16 2 1
iris-api/internal/domain/services/reporteria_service.go:27.16,29.3 1 1
iris-api/internal/domain/services/reporteria_service.go:31.2,34.8 1 1
iris-api/internal/domain/services/reporteria_service.go:37.133,42.16 3 1
iris-api/internal/domain/services/reporteria_service.go:42.16,44.3 1 1
iris-api/internal/domain/services/reporteria_service.go:46.2,49.8 1 1
iris-api/internal/domain/services/turno_service.go:30.75,34.2 1 1
iris-api/internal/domain/services/turno_service.go:36.116,38.38 1 1
iris-api/internal/domain/services/turno_service.go:38.38,40.3 1 1
iris-api/internal/domain/services/turno_service.go:43.2,44.16 2 1
iris-api/internal/domain/services/turno_service.go:44.16,46.3 1 0
iris-api/internal/domain/services/turno_service.go:47.2,47.17 1 1
iris-api/internal/domain/services/turno_service.go:47.17,49.3 1 1
iris-api/internal/domain/services/turno_service.go:51.2,65.39 2 1
iris-api/internal/domain/services/turno_service.go:68.104,70.2 1 1
iris-api/internal/domain/services/turno_service.go:72.123,73.23 1 1
iris-api/internal/domain/services/turno_service.go:73.23,75.3 1 1
iris-api/internal/domain/services/turno_service.go:76.2,76.23 1 1
iris-api/internal/domain/services/turno_service.go:76.23,78.3 1 0
iris-api/internal/domain/services/turno_service.go:80.2,80.40 1 1
iris-api/internal/domain/services/turno_service.go:83.126,86.16 2 0
iris-api/internal/domain/services/turno_service.go:86.16,88.3 1 0
iris-api/internal/domain/services/turno_service.go:91.2,91.107 1 0
iris-api/internal/domain/services/turno_service.go:91.107,93.3 1 0
iris-api/internal/domain/services/turno_service.go:96.2,111.26 2 0
iris-api/internal/domain/services/turno_service.go:111.26,112.39 1 0
iris-api/internal/domain/services/turno_service.go:112.39,114.4 1 0
iris-api/internal/domain/services/turno_service.go:116.3,117.33 2 0
iris-api/internal/domain/services/turno_service.go:117.33,119.4 1 0
iris-api/internal/domain/services/turno_service.go:122.3,123.17 2 0
iris-api/internal/domain/services/turno_service.go:123.17,125.4 1 0
iris-api/internal/domain/services/turno_service.go:126.3,126.18 1 0
iris-api/internal/domain/services/turno_service.go:126.18,128.4 1 0
iris-api/internal/domain/services/turno_service.go:130.3,130.35 1 0
iris-api/internal/domain/services/turno_service.go:133.2,133.32 1 0
iris-api/internal/domain/services/turno_service.go:133.32,135.3 1 0
iris-api/internal/domain/services/turno_service.go:136.2,136.29 1 0
iris-api/internal/domain/services/turno_service.go:136.29,138.3 1 0
iris-api/internal/domain/services/turno_service.go:139.2,139.23 1 0
iris-api/internal/domain/services/turno_service.go:139.23,141.3 1 0
iris-api/internal/domain/services/turno_service.go:142.2,142.23 1 0
iris-api/internal/domain/services/turno_service.go:142.23,144.3 1 0
iris-api/internal/domain/services/turno_service.go:145.2,145.30 1 0
iris-api/internal/domain/services/turno_service.go:145.30,147.3 1 0
iris-api/internal/domain/services/turno_service.go:149.2,149.43 1 0
iris-api/internal/domain/services/turno_service.go:152.88,155.16 2 1
iris-api/internal/domain/services/turno_service.go:155.16,157.3 1 1
iris-api/internal/domain/services/turno_service.go:160.2,160.54 1 1
iris-api/internal/domain/services/turno_service.go:160.54,162.3 1 1
iris-api/internal/domain/services/turno_service.go:163.2,163.55 1 1
iris-api/internal/domain/services/turno_service.go:163.55,165.3 1 1
iris-api/internal/domain/services/turno_service.go:167.2,167.49 1 1
iris-api/internal/domain/services/turno_service.go:170.73,172.2 1 1
iris-api/internal/domain/services/turno_service.go:175.138,177.2 1 0
iris-api/internal/domain/services/turno_service.go:179.147,181.2 1 0
iris-api/internal/domain/services/turno_service.go:183.162,185.2 1 0
iris-api/internal/domain/services/turno_service.go:188.107,191.16 2 1
iris-api/internal/domain/services/turno_service.go:191.16,193.3 1 1
iris-api/internal/domain/services/turno_service.go:196.2,197.16 2 1
iris-api/internal/domain/services/turno_service.go:197.16,199.3 1 0
iris-api/internal/domain/services/turno_service.go:201.2,206.8 1 1
iris-api/internal/domain/services/turno_service.go:209.100,211.2 1 0
iris-api/internal/domain/services/user_service.go:24.71,28.2 1 1
iris-api/internal/domain/services/user_service.go:30.112,31.57 1 1
iris-api/internal/domain/services/user_service.go:31.57,33.3 1 1
iris-api/internal/domain/services/user_service.go:35.2,36.25 2 1
iris-api/internal/domain/services/user_service.go:36.25,38.3 1 1
iris-api/internal/domain/services/user_service.go:40.2,45.37 2 1
iris-api/internal/domain/services/user_service.go:48.88,49.13 1 1
iris-api/internal/domain/services/user_service.go:49.13,51.3 1 1
iris-api/internal/domain/services/user_service.go:53.2,53.36 1 1
iris-api/internal/domain/services/user_service.go:56.103,57.16 1 1
iris-api/internal/domain/services/user_service.go:57.16,59.3 1 1
iris-api/internal/domain/services/user_service.go:60.2,60.17 1 1
iris-api/internal/domain/services/user_service.go:60.17,62.3 1 1
iris-api/internal/domain/services/user_service.go:63.2,63.16 1 1
iris-api/internal/domain/services/user_service.go:63.16,65.3 1 1
iris-api/internal/domain/services/user_service.go:67.2,68.16 2 1
iris-api/internal/domain/services/user_service.go:68.16,70.3 1 1
iris-api/internal/domain/services/user_service.go:72.2,73.16 2 1
iris-api/internal/domain/services/user_service.go:73.16,75.3 1 1
iris-api/internal/domain/services/user_service.go:77.2,77.26 1 1
iris-api/internal/domain/services/user_service.go:80.120,81.13 1 1
iris-api/internal/domain/services/user_service.go:81.13,83.3 1 1
iris-api/internal/domain/services/user_service.go:85.2,85.57 1 1
iris-api/internal/domain/services/user_service.go:85.57,87.3 1 1
iris-api/internal/domain/services/user_service.go:89.2,90.16 2 1
iris-api/internal/domain/services/user_service.go:90.16,92.3 1 1
iris-api/internal/domain/services/user_service.go:94.2,94.56 1 1
iris-api/internal/domain/services/user_service.go:94.56,96.45 2 1
iris-api/internal/domain/services/user_service.go:96.45,98.4 1 1
iris-api/internal/domain/services/user_service.go:99.3,99.69 1 1
iris-api/internal/domain/services/user_service.go:102.2,102.20 1 1
iris-api/internal/domain/services/user_service.go:102.20,104.3 1 1
iris-api/internal/domain/services/user_service.go:106.2,106.49 1 1
iris-api/internal/domain/services/user_service.go:109.69,110.13 1 1
iris-api/internal/domain/services/user_service.go:110.13,112.3 1 1
iris-api/internal/domain/services/user_service.go:114.2,114.35 1 1
iris-api/internal/domain/services/user_service.go:117.88,118.21 1 1
iris-api/internal/domain/services/user_service.go:118.21,120.3 1 1
iris-api/internal/domain/services/user_service.go:121.2,121.20 1 1
iris-api/internal/domain/services/user_service.go:121.20,123.3 1 1
iris-api/internal/domain/services/user_service.go:124.2,124.23 1 1
iris-api/internal/domain/services/user_service.go:124.23,126.3 1 1
iris-api/internal/domain/services/user_service.go:127.2,127.25 1 1
iris-api/internal/domain/services/user_service.go:127.25,129.3 1 0
iris-api/internal/domain/services/user_service.go:130.2,130.12 1 1
iris-api/internal/domain/services/user_service.go:133.88,134.41 1 1
iris-api/internal/domain/services/user_service.go:134.41,136.3 1 1
iris-api/internal/domain/services/user_service.go:137.2,137.43 1 1
iris-api/internal/domain/services/user_service.go:137.43,139.3 1 0
iris-api/internal/domain/services/user_service.go:140.2,140.12 1 1
iris-api/internal/infrastructure/database/postgres.go:16.69,23.16 3 0
iris-api/internal/infrastructure/database/postgres.go:23.16,25.3 1 0
iris-api/internal/infrastructure/database/postgres.go:27.2,27.34 1 0
iris-api/internal/infrastructure/database/postgres.go:27.34,29.3 1 0
iris-api/internal/infrastructure/database/postgres.go:31.2,31.33 1 0
iris-api/internal/infrastructure/database/postgres.go:34.36,36.2 1 0
iris-api/internal/infrastructure/database/postgres.go:38.39,40.2 1 0
iris-api/cmd/api/main.go:22.13,24.16 2 0
iris-api/cmd/api/main.go:24.16,26.3 1 0
iris-api/cmd/api/main.go:28.2,29.16 2 0
iris-api/cmd/api/main.go:29.16,31.3 1 0
iris-api/cmd/api/main.go:32.2,76.45 30 0
iris-api/cmd/api/main.go:76.45,81.3 1 0
iris-api/cmd/api/main.go:84.2,96.47 8 0
iris-api/cmd/api/main.go:96.47,98.3 1 0
iris-api/internal/presentation/routes/auth_routes.go:10.120,12.2 2 0
iris-api/internal/presentation/routes/auth_routes.go:12.2,19.3 3 0
iris-api/internal/presentation/routes/receta_routes.go:9.83,11.2 2 0
iris-api/internal/presentation/routes/receta_routes.go:11.2,13.3 2 0
iris-api/internal/presentation/routes/receta_routes.go:13.3,20.4 5 0
iris-api/internal/presentation/routes/receta_routes.go:23.3,24.3 2 0
iris-api/internal/presentation/routes/receta_routes.go:24.3,28.4 3 0
iris-api/internal/presentation/routes/reporteria_routes.go:11.138,13.2 2 0
iris-api/internal/presentation/routes/reporteria_routes.go:13.2,19.3 4 0
iris-api/internal/presentation/routes/reporteria_routes.go:19.3,22.4 2 0
iris-api/internal/presentation/routes/turno_routes.go:9.80,11.2 2 0
iris-api/internal/presentation/routes/turno_routes.go:11.2,13.3 2 0
iris-api/internal/presentation/routes/turno_routes.go:13.3,30.4 9 0
iris-api/internal/presentation/routes/turno_routes.go:33.3,34.3 2 0
iris-api/internal/presentation/routes/turno_routes.go:34.3,36.4 1 0
iris-api/internal/presentation/routes/user_routes.go:9.77,11.2 2 0
iris-api/internal/presentation/routes/user_routes.go:11.2,13.3 2 0
iris-api/internal/presentation/routes/user_routes.go:13.3,19.4 5 0
iris-api/pkg/config/config.go:35.30,37.16 2 0
iris-api/pkg/config/config.go:37.17,39.3 0 0
iris-api/pkg/config/config.go:41.2,60.20 2 0
iris-api/pkg/config/config.go:63.46,64.42 1 0
iris-api/pkg/config/config.go:64.42,66.3 1 0
iris-api/pkg/config/config.go:67.2,67.21 1 0
iris-api/pkg/config/config.go:70.52,71.42 1 0
iris-api/pkg/config/config.go:71.42,72.55 1 0
iris-api/pkg/config/config.go:72.55,74.4 1 0
iris-api/pkg/config/config.go:76.2,76.21 1 0
iris-api/internal/infrastructure/repositories/auth_repository.go:18.53,20.2 1 0
iris-api/internal/infrastructure/repositories/auth_repository.go:22.109,42.16 3 0
iris-api/internal/infrastructure/repositories/auth_repository.go:42.16,44.3 1 0
iris-api/internal/infrastructure/repositories/auth_repository.go:46.2,46.18 1 0
iris-api/internal/infrastructure/repositories/auth_repository.go:49.101,58.16 4 0
iris-api/internal/infrastructure/repositories/auth_repository.go:58.16,59.36 1 0
iris-api/internal/infrastructure/repositories/auth_repository.go:59.36,61.4 1 0
iris-api/internal/infrastructure/repositories/auth_repository.go:62.3,62.18 1 0
iris-api/internal/infrastructure/repositories/auth_repository.go:65.2,65.19 1 0
iris-api/internal/infrastructure/repositories/auth_repository.go:68.94,77.16 4 0
iris-api/internal/infrastructure/repositories/auth_repository.go:77.16,78.36 1 0
iris-api/internal/infrastructure/repositories/auth_repository.go:78.36,80.4 1 0
iris-api/internal/infrastructure/repositories/auth_repository.go:81.3,81.18 1 0
iris-api/internal/infrastructure/repositories/auth_repository.go:84.2,84.19 1 0
iris-api/internal/infrastructure/repositories/auth_repository.go:87.83,96.2 3 0
iris-api/internal/infrastructure/repositories/client_repository.go:17.57,19.2 1 0
iris-api/internal/infrastructure/repositories/client_repository.go:21.107,41.16 3 0
iris-api/internal/infrastructure/repositories/client_repository.go:41.16,43.3 1 0
iris-api/internal/infrastructure/repositories/client_repository.go:45.2,45.20 1 0
iris-api/internal/infrastructure/repositories/client_repository.go:48.99,57.16 4 0
iris-api/internal/infrastructure/repositories/client_repository.go:57.16,58.36 1 0
iris-api/internal/infrastructure/repositories/client_repository.go:58.36,60.4 1 0
iris-api/internal/infrastructure/repositories/client_repository.go:61.3,61.18 1 0
iris-api/internal/infrastructure/repositories/client_repository.go:64.2,64.21 1 0
iris-api/internal/infrastructure/repositories/client_repository.go:67.94,76.16 4 0
iris-api/internal/infrastructure/repositories/client_repository.go:76.16,77.36 1 0
iris-api/internal/infrastructure/repositories/client_repository.go:77.36,79.4 1 0
iris-api/internal/infrastructure/repositories/client_repository.go:80.3,80.18 1 0
iris-api/internal/infrastructure/repositories/client_repository.go:83.2,83.21 1 0
iris-api/internal/infrastructure/repositories/receta_repository.go:19.69,21.2 1 0
iris-api/internal/infrastructure/repositories/receta_repository.go:23.107,65.16 8 0
iris-api/internal/infrastructure/repositories/receta_repository.go:65.16,67.3 1 0
iris-api/internal/infrastructure/repositories/receta_repository.go:69.2,69.28 1 0
iris-api/internal/infrastructure/repositories/receta_repository.go:72.93,81.16 4 0
iris-api/internal/infrastructure/repositories/receta_repository.go:81.16,82.27 1 0
iris-api/internal/infrastructure/repositories/receta_repository.go:82.27,84.4 1 0
iris-api/internal/infrastructure/repositories/receta_repository.go:85.3,85.58 1 0
iris-api/internal/infrastructure/repositories/receta_repository.go:88.2,88.21 1 0
iris-api/internal/infrastructure/repositories/receta_repository.go:91.103,101.16 4 0
iris-api/internal/infrastructure/repositories/receta_repository.go:101.16,103.3 1 0
iris-api/internal/infrastructure/repositories/receta_repository.go:105.2,105.21 1 0
iris-api/internal/infrastructure/repositories/receta_repository.go:108.130,119.16 4 0
iris-api/internal/infrastructure/repositories/receta_repository.go:119.16,121.3 1 0
iris-api/internal/infrastructure/repositories/receta_repository.go:123.2,123.21 1 0
iris-api/internal/infrastructure/repositories/receta_repository.go:126.120,136.16 4 0
iris-api/internal/infrastructure/repositories/receta_repository.go:136.16,138.3 1 0
iris-api/internal/infrastructure/repositories/receta_repository.go:140.2,140.21 1 0
iris-api/internal/infrastructure/repositories/receta_repository.go:143.118,154.16 4 0
iris-api/internal/infrastructure/repositories/receta_repository.go:154.16,156.3 1 0
iris-api/internal/infrastructure/repositories/receta_repository.go:158.2,158.21 1 0
iris-api/internal/infrastructure/repositories/receta_repository.go:161.117,202.16 6 0
iris-api/internal/infrastructure/repositories/receta_repository.go:202.16,203.27 1 0
iris-api/internal/infrastructure/repositories/receta_repository.go:203.27,205.4 1 0
iris-api/internal/infrastructure/repositories/receta_repository.go:206.3,206.61 1 0
iris-api/internal/infrastructure/repositories/receta_repository.go:209.2,209.28 1 0
iris-api/internal/infrastructure/repositories/receta_repository.go:212.72,216.16 3 0
iris-api/internal/infrastructure/repositories/receta_repository.go:216.16,218.3 1 0
iris-api/internal/infrastructure/repositories/receta_repository.go:220.2,221.16 2 0
iris-api/internal/infrastructure/repositories/receta_repository.go:221.16,223.3 1 0
iris-api/internal/infrastructure/repositories/receta_repository.go:225.2,225.23 1 0
iris-api/internal/infrastructure/repositories/receta_repository.go:225.23,227.3 1 0
iris-api/internal/infrastructure/repositories/receta_repository.go:229.2,229.12 1 0
iris-api/internal/infrastructure/repositories/receta_repository.go:232.68,237.16 4 0
iris-api/internal/infrastructure/repositories/receta_repository.go:237.16,239.3 1 0
iris-api/internal/infrastructure/repositories/receta_repository.go:241.2,241.19 1 0
iris-api/internal/infrastructure/repositories/receta_repository.go:244.98,249.16 4 0
iris-api/internal/infrastructure/repositories/receta_repository.go:249.16,251.3 1 0
iris-api/internal/infrastructure/repositories/receta_repository.go:253.2,253.19 1 0
iris-api/internal/infrastructure/repositories/reporteria_repository.go:15.65,17.2 1 0
iris-api/internal/infrastructure/repositories/reporteria_repository.go:19.125,39.16 4 0
iris-api/internal/infrastructure/repositories/reporteria_repository.go:39.16,41.3 1 0
iris-api/internal/infrastructure/repositories/reporteria_repository.go:43.2,43.23 1 0
iris-api/internal/infrastructure/repositories/reporteria_repository.go:46.150,65.16 4 0
iris-api/internal/infrastructure/repositories/reporteria_repository.go:65.16,67.3 1 0
iris-api/internal/infrastructure/repositories/reporteria_repository.go:69.2,69.23 1 0
iris-api/internal/infrastructure/repositories/turno_repository.go:18.55,20.2 1 0
iris-api/internal/infrastructure/repositories/turno_repository.go:22.103,45.16 3 0
iris-api/internal/infrastructure/repositories/turno_repository.go:45.16,47.3 1 0
iris-api/internal/infrastructure/repositories/turno_repository.go:49.2,49.19 1 0
iris-api/internal/infrastructure/repositories/turno_repository.go:52.102,68.16 4 0
iris-api/internal/infrastructure/repositories/turno_repository.go:68.16,69.36 1 0
iris-api/internal/infrastructure/repositories/turno_repository.go:69.36,71.4 1 0
iris-api/internal/infrastructure/repositories/turno_repository.go:72.3,72.18 1 0
iris-api/internal/infrastructure/repositories/turno_repository.go:75.2,75.20 1 0
iris-api/internal/infrastructure/repositories/turno_repository.go:78.123,95.30 4 0
iris-api/internal/infrastructure/repositories/turno_repository.go:95.30,99.3 3 0
iris-api/internal/infrastructure/repositories/turno_repository.go:101.2,101.34 1 0
iris-api/internal/infrastructure/repositories/turno_repository.go:101.34,105.3 3 0
iris-api/internal/infrastructure/repositories/turno_repository.go:107.2,107.32 1 0
iris-api/internal/infrastructure/repositories/turno_repository.go:107.32,111.3 3 0
iris-api/internal/infrastructure/repositories/turno_repository.go:113.2,113.26 1 0
iris-api/internal/infrastructure/repositories/turno_repository.go:113.26,117.3 3 0
iris-api/internal/infrastructure/repositories/turno_repository.go:119.2,119.30 1 0
iris-api/internal/infrastructure/repositories/turno_repository.go:119.30,123.3 3 0
iris-api/internal/infrastructure/repositories/turno_repository.go:125.2,125.30 1 0
iris-api/internal/infrastructure/repositories/turno_repository.go:125.30,129.3 3 0
iris-api/internal/infrastructure/repositories/turno_repository.go:131.2,136.16 5 0
iris-api/internal/infrastructure/repositories/turno_repository.go:136.16,138.3 1 0
iris-api/internal/infrastructure/repositories/turno_repository.go:140.2,140.20 1 0
iris-api/internal/infrastructure/repositories/turno_repository.go:143.113,169.16 3 0
iris-api/internal/infrastructure/repositories/turno_repository.go:169.16,170.36 1 0
iris-api/internal/infrastructure/repositories/turno_repository.go:170.36,172.4 1 0
iris-api/internal/infrastructure/repositories/turno_repository.go:173.3,173.18 1 0
iris-api/internal/infrastructure/repositories/turno_repository.go:176.2,176.19 1 0
iris-api/internal/infrastructure/repositories/turno_repository.go:179.91,187.16 3 0
iris-api/internal/infrastructure/repositories/turno_repository.go:187.16,189.3 1 0
iris-api/internal/infrastructure/repositories/turno_repository.go:191.2,192.16 2 0
iris-api/internal/infrastructure/repositories/turno_repository.go:192.16,194.3 1 0
iris-api/internal/infrastructure/repositories/turno_repository.go:196.2,196.23 1 0
iris-api/internal/infrastructure/repositories/turno_repository.go:196.23,198.3 1 0
iris-api/internal/infrastructure/repositories/turno_repository.go:200.2,200.12 1 0
iris-api/internal/infrastructure/repositories/turno_repository.go:203.71,207.16 3 0
iris-api/internal/infrastructure/repositories/turno_repository.go:207.16,209.3 1 0
iris-api/internal/infrastructure/repositories/turno_repository.go:211.2,212.16 2 0
iris-api/internal/infrastructure/repositories/turno_repository.go:212.16,214.3 1 0
iris-api/internal/infrastructure/repositories/turno_repository.go:216.2,216.23 1 0
iris-api/internal/infrastructure/repositories/turno_repository.go:216.23,218.3 1 0
iris-api/internal/infrastructure/repositories/turno_repository.go:220.2,220.12 1 0
iris-api/internal/infrastructure/repositories/turno_repository.go:223.135,242.27 5 0
iris-api/internal/infrastructure/repositories/turno_repository.go:242.27,245.3 2 0
iris-api/internal/infrastructure/repositories/turno_repository.go:247.2,251.16 4 0
iris-api/internal/infrastructure/repositories/turno_repository.go:251.16,253.3 1 0
iris-api/internal/infrastructure/repositories/turno_repository.go:255.2,255.20 1 0
iris-api/internal/infrastructure/repositories/turno_repository.go:258.144,261.24 2 0
iris-api/internal/infrastructure/repositories/turno_repository.go:261.24,263.3 1 0
iris-api/internal/infrastructure/repositories/turno_repository.go:264.2,283.27 6 0
iris-api/internal/infrastructure/repositories/turno_repository.go:283.27,286.3 2 0
iris-api/internal/infrastructure/repositories/turno_repository.go:288.2,292.16 4 0
iris-api/internal/infrastructure/repositories/turno_repository.go:292.16,294.3 1 0
iris-api/internal/infrastructure/repositories/turno_repository.go:296.2,296.20 1 0
iris-api/internal/infrastructure/repositories/turno_repository.go:299.159,316.16 4 0
iris-api/internal/infrastructure/repositories/turno_repository.go:316.16,318.3 1 0
iris-api/internal/infrastructure/repositories/turno_repository.go:320.2,320.20 1 0
iris-api/internal/infrastructure/repositories/turno_repository.go:323.127,343.16 6 0
iris-api/internal/infrastructure/repositories/turno_repository.go:343.16,345.3 1 0
iris-api/internal/infrastructure/repositories/turno_repository.go:347.2,347.20 1 0
iris-api/internal/infrastructure/repositories/turno_repository.go:350.108,367.16 4 0
iris-api/internal/infrastructure/repositories/turno_repository.go:367.16,369.3 1 0
iris-api/internal/infrastructure/repositories/turno_repository.go:371.2,371.20 1 0
iris-api/internal/infrastructure/repositories/turno_repository.go:374.169,391.27 4 0
iris-api/internal/infrastructure/repositories/turno_repository.go:391.27,394.3 2 0
iris-api/internal/infrastructure/repositories/turno_repository.go:396.2,398.16 3 0
iris-api/internal/infrastructure/repositories/turno_repository.go:398.16,400.3 1 0
iris-api/internal/infrastructure/repositories/turno_repository.go:402.2,402.24 1 0
iris-api/internal/infrastructure/repositories/turno_repository.go:405.97,410.30 4 0
iris-api/internal/infrastructure/repositories/turno_repository.go:410.30,414.3 3 0
iris-api/internal/infrastructure/repositories/turno_repository.go:416.2,416.34 1 0
iris-api/internal/infrastructure/repositories/turno_repository.go:416.34,420.3 3 0
iris-api/internal/infrastructure/repositories/turno_repository.go:422.2,422.32 1 0
iris-api/internal/infrastructure/repositories/turno_repository.go:422.32,426.3 3 0
iris-api/internal/infrastructure/repositories/turno_repository.go:428.2,428.26 1 0
iris-api/internal/infrastructure/repositories/turno_repository.go:428.26,432.3 3 0
iris-api/internal/infrastructure/repositories/turno_repository.go:434.2,434.30 1 0
iris-api/internal/infrastructure/repositories/turno_repository.go:434.30,438.3 3 0
iris-api/internal/infrastructure/repositories/turno_repository.go:440.2,440.30 1 0
iris-api/internal/infrastructure/repositories/turno_repository.go:440.30,444.3 3 0
iris-api/internal/infrastructure/repositories/turno_repository.go:446.2,448.16 3 0
iris-api/internal/infrastructure/repositories/turno_repository.go:448.16,450.3 1 0
iris-api/internal/infrastructure/repositories/turno_repository.go:452.2,452.19 1 0
iris-api/internal/infrastructure/repositories/user_repository.go:19.65,21.2 1 0
iris-api/internal/infrastructure/repositories/user_repository.go:23.99,38.16 8 0
iris-api/internal/infrastructure/repositories/user_repository.go:38.16,40.3 1 0
iris-api/internal/infrastructure/repositories/user_repository.go:42.2,42.26 1 0
iris-api/internal/infrastructure/repositories/user_repository.go:45.87,50.16 4 0
iris-api/internal/infrastructure/repositories/user_repository.go:50.16,51.27 1 0
iris-api/internal/infrastructure/repositories/user_repository.go:51.27,53.4 1 0
iris-api/internal/infrastructure/repositories/user_repository.go:54.3,54.56 1 0
iris-api/internal/infrastructure/repositories/user_repository.go:57.2,57.19 1 0
iris-api/internal/infrastructure/repositories/user_repository.go:60.96,65.16 4 0
iris-api/internal/infrastructure/repositories/user_repository.go:65.16,66.27 1 0
iris-api/internal/infrastructure/repositories/user_repository.go:66.27,68.4 1 0
iris-api/internal/infrastructure/repositories/user_repository.go:69.3,69.56 1 0
iris-api/internal/infrastructure/repositories/user_repository.go:72.2,72.19 1 0
iris-api/internal/infrastructure/repositories/user_repository.go:75.99,85.16 4 0
iris-api/internal/infrastructure/repositories/user_repository.go:85.16,87.3 1 0
iris-api/internal/infrastructure/repositories/user_repository.go:89.2,89.19 1 0
iris-api/internal/infrastructure/repositories/user_repository.go:92.107,106.16 6 0
iris-api/internal/infrastructure/repositories/user_repository.go:106.16,107.27 1 0
iris-api/internal/infrastructure/repositories/user_repository.go:107.27,109.4 1 0
iris-api/internal/infrastructure/repositories/user_repository.go:110.3,110.59 1 0
iris-api/internal/infrastructure/repositories/user_repository.go:113.2,113.26 1 0
iris-api/internal/infrastructure/repositories/user_repository.go:116.68,120.16 3 0
iris-api/internal/infrastructure/repositories/user_repository.go:120.16,122.3 1 0
iris-api/internal/infrastructure/repositories/user_repository.go:124.2,125.16 2 0
iris-api/internal/infrastructure/repositories/user_repository.go:125.16,127.3 1 0
iris-api/internal/infrastructure/repositories/user_repository.go:129.2,129.23 1 0
iris-api/internal/infrastructure/repositories/user_repository.go:129.23,131.3 1 0
iris-api/internal/infrastructure/repositories/user_repository.go:133.2,133.12 1 0
iris-api/internal/infrastructure/repositories/user_repository.go:136.66,141.16 4 0
iris-api/internal/infrastructure/repositories/user_repository.go:141.16,143.3 1 0
iris-api/internal/infrastructure/repositories/user_repository.go:145.2,145.19 1 0
iris-api/pkg/auth/jwt.go:30.78,35.2 1 1
iris-api/pkg/auth/jwt.go:37.88,53.16 5 1
iris-api/pkg/auth/jwt.go:53.16,55.3 1 0
iris-api/pkg/auth/jwt.go:57.2,57.36 1 1
iris-api/pkg/auth/jwt.go:60.73,61.104 1 1
iris-api/pkg/auth/jwt.go:61.104,62.58 1 1
iris-api/pkg/auth/jwt.go:62.58,64.4 1 0
iris-api/pkg/auth/jwt.go:65.3,65.34 1 1
iris-api/pkg/auth/jwt.go:68.2,68.16 1 1
iris-api/pkg/auth/jwt.go:68.16,70.3 1 1
iris-api/pkg/auth/jwt.go:72.2,73.25 2 1
iris-api/pkg/auth/jwt.go:73.25,75.3 1 0
iris-api/pkg/auth/jwt.go:77.2,77.20 1 1
iris-api/pkg/auth/password.go:5.52,8.2 2 1
iris-api/pkg/auth/password.go:10.48,13.2 2 1
